id: Рисунки/Кадры
kind: Note
title: Кадры
tags: рисунки, фикстура
headings:
  2 #Диапазон-целых [Диапазон-целых] Диапазон целых
  2 #Дробный-шаг-и-своя-подпись [Дробный-шаг-и-своя-подпись] Дробный шаг и своя подпись
  2 #Шаги-алгоритма [Шаги-алгоритма] Шаги алгоритма
links:
styles: 1932 bytes, fnv 8da97cf84fbc62be
---
<svg class="k-glyphs" aria-hidden="true" width="0" height="0" style="position: absolute" xmlns="http://www.w3.org/2000/svg">…7136 bytes, fnv f3f55fa5aacc4651…</svg>
<article class="k-doc" data-k-figs="063fa571" data-doc="note" lang="ru">
<header class="k-title">
<h1>Кадры</h1>
<ul class="k-tags">
<li>рисунки</li>
<li>фикстура</li></ul></header>
<p>Рисунок с параметром: Typst собирает кадр для каждого значения, в приложении их переключает ползунок, кнопка проигрывания показывает по очереди. В PDF и без JS — кадр по умолчанию и подпись значения.</p>
<h2 class="k-h k-h2" id="Диапазон-целых" data-k-anchor="Диапазон-целых"><span class="k-num">1</span>Диапазон целых</h2>
<figure>
<div class="k-frames" data-k-frames="{&quot;name&quot;:&quot;n&quot;,&quot;count&quot;:12,&quot;default&quot;:3,&quot;fps&quot;:2,&quot;loop&quot;:false}">
<svg class="k-frames-defs" aria-hidden="true" width="0" height="0" style="position: absolute" xmlns="http://www.w3.org/2000/svg" xmlns:xlink="http://www.w3.org/1999/xlink">…2696 bytes, fnv 6e1e994428da6130…</svg>
<div class="k-frames-stack">
<div class="k-frames-item">
<div class="k-frame k-fig">
<svg style="overflow: visible; width: 12.253565641em; height: 5.274781389em; display: block" viewBox="0 0 134.789222047 58.022595276" width="134.789222047pt" height="58.022595276pt" xmlns="http://www.w3.org/2000/svg" xmlns:xlink="http://www.w3.org/1999/xlink" xmlns:h5="http://www.w3.org/1999/xhtml">…672 bytes, fnv e2a5cd2d5bd53433…</svg></div>
<div class="k-frames-label"><em>n</em> = 1</div></div>
<div class="k-frames-item">
<div class="k-frame k-fig">
<svg style="overflow: visible; width: 12.253565641em; height: 5.274781389em; display: block" viewBox="0 0 134.789222047 58.022595276" width="134.789222047pt" height="58.022595276pt" xmlns="http://www.w3.org/2000/svg" xmlns:xlink="http://www.w3.org/1999/xlink" xmlns:h5="http://www.w3.org/1999/xhtml">…909 bytes, fnv 6518fdb532f899f3…</svg></div>
<div class="k-frames-label"><em>n</em> = 2</div></div>
<div class="k-frames-item">
<div class="k-frame k-fig">
<svg style="overflow: visible; width: 12.253565641em; height: 5.274781389em; display: block" viewBox="0 0 134.789222047 58.022595276" width="134.789222047pt" height="58.022595276pt" xmlns="http://www.w3.org/2000/svg" xmlns:xlink="http://www.w3.org/1999/xlink" xmlns:h5="http://www.w3.org/1999/xhtml">…1148 bytes, fnv 249705a66ebddbda…</svg></div>
<div class="k-frames-label"><em>n</em> = 3</div></div>
<div class="k-frames-item" data-k-frame-default>
<div class="k-frame k-fig">
<svg style="overflow: visible; width: 12.253565641em; height: 5.274781389em; display: block" viewBox="0 0 134.789222047 58.022595276" width="134.789222047pt" height="58.022595276pt" xmlns="http://www.w3.org/2000/svg" xmlns:xlink="http://www.w3.org/1999/xlink" xmlns:h5="http://www.w3.org/1999/xhtml">…1385 bytes, fnv d05bc8708b264307…</svg></div>
<div class="k-frames-label"><em>n</em> = 4</div></div>
<div class="k-frames-item">
<div class="k-frame k-fig">
<svg style="overflow: visible; width: 12.253565641em; height: 5.274781389em; display: block" viewBox="0 0 134.789222047 58.022595276" width="134.789222047pt" height="58.022595276pt" xmlns="http://www.w3.org/2000/svg" xmlns:xlink="http://www.w3.org/1999/xlink" xmlns:h5="http://www.w3.org/1999/xhtml">…1620 bytes, fnv b295c77bf90e0c76…</svg></div>
<div class="k-frames-label"><em>n</em> = 5</div></div>
<div class="k-frames-item">
<div class="k-frame k-fig">
<svg style="overflow: visible; width: 12.253565641em; height: 5.274781389em; display: block" viewBox="0 0 134.789222047 58.022595276" width="134.789222047pt" height="58.022595276pt" xmlns="http://www.w3.org/2000/svg" xmlns:xlink="http://www.w3.org/1999/xlink" xmlns:h5="http://www.w3.org/1999/xhtml">…1865 bytes, fnv 2fd896394fa3316f…</svg></div>
<div class="k-frames-label"><em>n</em> = 6</div></div>
<div class="k-frames-item">
<div class="k-frame k-fig">
<svg style="overflow: visible; width: 12.253565641em; height: 5.274781389em; display: block" viewBox="0 0 134.789222047 58.022595276" width="134.789222047pt" height="58.022595276pt" xmlns="http://www.w3.org/2000/svg" xmlns:xlink="http://www.w3.org/1999/xlink" xmlns:h5="http://www.w3.org/1999/xhtml">…2106 bytes, fnv 892c00a20e23bd99…</svg></div>
<div class="k-frames-label"><em>n</em> = 7</div></div>
<div class="k-frames-item">
<div class="k-frame k-fig">
<svg style="overflow: visible; width: 12.253565641em; height: 5.274781389em; display: block" viewBox="0 0 134.789222047 58.022595276" width="134.789222047pt" height="58.022595276pt" xmlns="http://www.w3.org/2000/svg" xmlns:xlink="http://www.w3.org/1999/xlink" xmlns:h5="http://www.w3.org/1999/xhtml">…2335 bytes, fnv 98b4624b2ad387f5…</svg></div>
<div class="k-frames-label"><em>n</em> = 8</div></div>
<div class="k-frames-item">
<div class="k-frame k-fig">
<svg style="overflow: visible; width: 12.253565641em; height: 5.274781389em; display: block" viewBox="0 0 134.789222047 58.022595276" width="134.789222047pt" height="58.022595276pt" xmlns="http://www.w3.org/2000/svg" xmlns:xlink="http://www.w3.org/1999/xlink" xmlns:h5="http://www.w3.org/1999/xhtml">…2577 bytes, fnv 01b7ddfff7e9d54c…</svg></div>
<div class="k-frames-label"><em>n</em> = 9</div></div>
<div class="k-frames-item">
<div class="k-frame k-fig">
<svg style="overflow: visible; width: 12.253565641em; height: 5.274781389em; display: block" viewBox="0 0 134.789222047 58.022595276" width="134.789222047pt" height="58.022595276pt" xmlns="http://www.w3.org/2000/svg" xmlns:xlink="http://www.w3.org/1999/xlink" xmlns:h5="http://www.w3.org/1999/xhtml">…2817 bytes, fnv 2a2629810c0d568c…</svg></div>
<div class="k-frames-label"><em>n</em> = 10</div></div>
<div class="k-frames-item">
<div class="k-frame k-fig">
<svg style="overflow: visible; width: 12.253565641em; height: 5.274781389em; display: block" viewBox="0 0 134.789222047 58.022595276" width="134.789222047pt" height="58.022595276pt" xmlns="http://www.w3.org/2000/svg" xmlns:xlink="http://www.w3.org/1999/xlink" xmlns:h5="http://www.w3.org/1999/xhtml">…3051 bytes, fnv 4e178bb24a87bda0…</svg></div>
<div class="k-frames-label"><em>n</em> = 11</div></div>
<div class="k-frames-item">
<div class="k-frame k-fig">
<svg style="overflow: visible; width: 12.253565641em; height: 5.274781389em; display: block" viewBox="0 0 134.789222047 58.022595276" width="134.789222047pt" height="58.022595276pt" xmlns="http://www.w3.org/2000/svg" xmlns:xlink="http://www.w3.org/1999/xlink" xmlns:h5="http://www.w3.org/1999/xhtml">…3267 bytes, fnv 1d2aba93da645b67…</svg></div>
<div class="k-frames-label"><em>n</em> = 12</div></div></div></div>
<figcaption><span class="k-fig-num">Рис. 1.</span> Нижняя сумма Римана: <math><mi>𝑛</mi></math> прямоугольников</figcaption></figure>
<h2 class="k-h k-h2" id="Дробный-шаг-и-своя-подпись" data-k-anchor="Дробный-шаг-и-своя-подпись"><span class="k-num">2</span>Дробный шаг и своя подпись</h2>
<figure>
<div class="k-frames" data-k-frames="{&quot;name&quot;:&quot;t&quot;,&quot;count&quot;:9,&quot;default&quot;:2,&quot;fps&quot;:4,&quot;loop&quot;:true}">
<svg class="k-frames-defs" aria-hidden="true" width="0" height="0" style="position: absolute" xmlns="http://www.w3.org/2000/svg" xmlns:xlink="http://www.w3.org/1999/xlink">…717 bytes, fnv afa062914f211851…</svg>
<div class="k-frames-stack">
<div class="k-frames-item">
<div class="k-frame k-fig">
<svg style="overflow: visible; width: 6.442376521em; height: 6.442376521em; display: block" viewBox="0 0 70.866141732 70.866141732" width="70.866141732pt" height="70.866141732pt" xmlns="http://www.w3.org/2000/svg" xmlns:xlink="http://www.w3.org/1999/xlink" xmlns:h5="http://www.w3.org/1999/xhtml">…333 bytes, fnv f38946e3dedaaa57…</svg></div>
<div class="k-frames-label">поворот на <math><mn>0</mn><mi>°</mi></math></div></div>
<div class="k-frames-item">
<div class="k-frame k-fig">
<svg style="overflow: visible; width: 6.442376521em; height: 6.442376521em; display: block" viewBox="0 0 70.866141732 70.866141732" width="70.866141732pt" height="70.866141732pt" xmlns="http://www.w3.org/2000/svg" xmlns:xlink="http://www.w3.org/1999/xlink" xmlns:h5="http://www.w3.org/1999/xhtml">…642 bytes, fnv 6961998d3f17289c…</svg></div>
<div class="k-frames-label">поворот на <math><mn>45</mn><mi>°</mi></math></div></div>
<div class="k-frames-item" data-k-frame-default>
<div class="k-frame k-fig">
<svg style="overflow: visible; width: 6.442376521em; height: 6.442376521em; display: block" viewBox="0 0 70.866141732 70.866141732" width="70.866141732pt" height="70.866141732pt" xmlns="http://www.w3.org/2000/svg" xmlns:xlink="http://www.w3.org/1999/xlink" xmlns:h5="http://www.w3.org/1999/xhtml">…634 bytes, fnv 4e85ebe592262943…</svg></div>
<div class="k-frames-label">поворот на <math><mn>90</mn><mi>°</mi></math></div></div>
<div class="k-frames-item">
<div class="k-frame k-fig">
<svg style="overflow: visible; width: 6.442376521em; height: 6.442376521em; display: block" viewBox="0 0 70.866141732 70.866141732" width="70.866141732pt" height="70.866141732pt" xmlns="http://www.w3.org/2000/svg" xmlns:xlink="http://www.w3.org/1999/xlink" xmlns:h5="http://www.w3.org/1999/xhtml">…647 bytes, fnv 52acc2b83e6b0db4…</svg></div>
<div class="k-frames-label">поворот на <math><mn>135</mn><mi>°</mi></math></div></div>
<div class="k-frames-item">
<div class="k-frame k-fig">
<svg style="overflow: visible; width: 6.442376521em; height: 6.442376521em; display: block" viewBox="0 0 70.866141732 70.866141732" width="70.866141732pt" height="70.866141732pt" xmlns="http://www.w3.org/2000/svg" xmlns:xlink="http://www.w3.org/1999/xlink" xmlns:h5="http://www.w3.org/1999/xhtml">…636 bytes, fnv 34fb767a4bc1a37b…</svg></div>
<div class="k-frames-label">поворот на <math><mn>180</mn><mi>°</mi></math></div></div>
<div class="k-frames-item">
<div class="k-frame k-fig">
<svg style="overflow: visible; width: 6.442376521em; height: 6.442376521em; display: block" viewBox="0 0 70.866141732 70.866141732" width="70.866141732pt" height="70.866141732pt" xmlns="http://www.w3.org/2000/svg" xmlns:xlink="http://www.w3.org/1999/xlink" xmlns:h5="http://www.w3.org/1999/xhtml">…642 bytes, fnv 4229530ff273161c…</svg></div>
<div class="k-frames-label">поворот на <math><mn>225</mn><mi>°</mi></math></div></div>
<div class="k-frames-item">
<div class="k-frame k-fig">
<svg style="overflow: visible; width: 6.442376521em; height: 6.442376521em; display: block" viewBox="0 0 70.866141732 70.866141732" width="70.866141732pt" height="70.866141732pt" xmlns="http://www.w3.org/2000/svg" xmlns:xlink="http://www.w3.org/1999/xlink" xmlns:h5="http://www.w3.org/1999/xhtml">…633 bytes, fnv 75ba92962b9d858b…</svg></div>
<div class="k-frames-label">поворот на <math><mn>270</mn><mi>°</mi></math></div></div>
<div class="k-frames-item">
<div class="k-frame k-fig">
<svg style="overflow: visible; width: 6.442376521em; height: 6.442376521em; display: block" viewBox="0 0 70.866141732 70.866141732" width="70.866141732pt" height="70.866141732pt" xmlns="http://www.w3.org/2000/svg" xmlns:xlink="http://www.w3.org/1999/xlink" xmlns:h5="http://www.w3.org/1999/xhtml">…631 bytes, fnv da898a7f42a5863f…</svg></div>
<div class="k-frames-label">поворот на <math><mn>315</mn><mi>°</mi></math></div></div>
<div class="k-frames-item">
<div class="k-frame k-fig">
<svg style="overflow: visible; width: 6.442376521em; height: 6.442376521em; display: block" viewBox="0 0 70.866141732 70.866141732" width="70.866141732pt" height="70.866141732pt" xmlns="http://www.w3.org/2000/svg" xmlns:xlink="http://www.w3.org/1999/xlink" xmlns:h5="http://www.w3.org/1999/xhtml">…335 bytes, fnv ff6540ab7bd997c3…</svg></div>
<div class="k-frames-label">поворот на <math><mn>360</mn><mi>°</mi></math></div></div></div></div>
<figcaption><span class="k-fig-num">Рис. 2.</span> Точка на окружности; проигрывание — по кругу</figcaption></figure>
<h2 class="k-h k-h2" id="Шаги-алгоритма" data-k-anchor="Шаги-алгоритма"><span class="k-num">3</span>Шаги алгоритма</h2>
<figure>
<div class="k-frames" data-k-frames="{&quot;name&quot;:&quot;k&quot;,&quot;count&quot;:4,&quot;default&quot;:0,&quot;fps&quot;:2,&quot;loop&quot;:false}">
<svg class="k-frames-defs" aria-hidden="true" width="0" height="0" style="position: absolute" xmlns="http://www.w3.org/2000/svg" xmlns:xlink="http://www.w3.org/1999/xlink">…3498 bytes, fnv 3af4b541042c783e…</svg>
<div class="k-frames-stack">
<div class="k-frames-item" data-k-frame-default>
<div class="k-frame k-fig">
<svg style="overflow: visible; width: 6.390837509em; height: 2.39218873em; display: block" viewBox="0 0 70.299212598 26.314076033" width="70.299212598pt" height="26.314076033pt" xmlns="http://www.w3.org/2000/svg" xmlns:xlink="http://www.w3.org/1999/xlink" xmlns:h5="http://www.w3.org/1999/xhtml">…1465 bytes, fnv c588007113362179…</svg></div>
<div class="k-frames-label">исходный массив</div></div>
<div class="k-frames-item">
<div class="k-frame k-fig">
<svg style="overflow: visible; width: 6.390837509em; height: 2.39218873em; display: block" viewBox="0 0 70.299212598 26.314076033" width="70.299212598pt" height="26.314076033pt" xmlns="http://www.w3.org/2000/svg" xmlns:xlink="http://www.w3.org/1999/xlink" xmlns:h5="http://www.w3.org/1999/xhtml">…1267 bytes, fnv da1fb0cf748ae6a4…</svg></div>
<div class="k-frames-label">проход 1</div></div>
<div class="k-frames-item">
<div class="k-frame k-fig">
<svg style="overflow: visible; width: 6.390837509em; height: 2.39218873em; display: block" viewBox="0 0 70.299212598 26.314076033" width="70.299212598pt" height="26.314076033pt" xmlns="http://www.w3.org/2000/svg" xmlns:xlink="http://www.w3.org/1999/xlink" xmlns:h5="http://www.w3.org/1999/xhtml">…1226 bytes, fnv 2b07bfc4bb8b7a5a…</svg></div>
<div class="k-frames-label">проход 2</div></div>
<div class="k-frames-item">
<div class="k-frame k-fig">
<svg style="overflow: visible; width: 6.390837509em; height: 2.39218873em; display: block" viewBox="0 0 70.299212598 26.314076033" width="70.299212598pt" height="26.314076033pt" xmlns="http://www.w3.org/2000/svg" xmlns:xlink="http://www.w3.org/1999/xlink" xmlns:h5="http://www.w3.org/1999/xhtml">…1424 bytes, fnv 886df717eba76dce…</svg></div>
<div class="k-frames-label">проход 3</div></div></div></div>
<figcaption><span class="k-fig-num">Рис. 3.</span> Пузырьковая сортировка: после прохода <math><mi>𝑘</mi></math> последние <math><mi>𝑘</mi></math> элементов на месте</figcaption></figure></article>
