id: Рисунки/Темы и градиент
kind: Note
title: Темы и градиент
tags: рисунки, фикстура
headings:
  2 #Форма-зависит-от-темы [Форма-зависит-от-темы] Форма зависит от темы
  2 #Градиент [Градиент] Градиент
  2 #Обычный-рисунок [Обычный-рисунок] Обычный рисунок
links:
styles: 1732 bytes, fnv 3b163db2879b43de
---
<svg class="k-glyphs" aria-hidden="true" width="0" height="0" style="position: absolute" xmlns="http://www.w3.org/2000/svg">…3300 bytes, fnv 0a156eae95bad42c…</svg>
<article class="k-doc" data-k-figs="7c21b1f4" data-doc="note" lang="ru">
<header class="k-title">
<h1>Темы и градиент</h1>
<ul class="k-tags">
<li>рисунки</li>
<li>фикстура</li></ul></header>
<p>Рисунки, которые нельзя склеить в один SVG по цветам, и заливка градиентом.</p>
<h2 class="k-h k-h2" id="Форма-зависит-от-темы" data-k-anchor="Форма-зависит-от-темы"><span class="k-num">1</span>Форма зависит от темы</h2>
<p>В светлой теме — квадрат, в тёмной — круг: темы различаются не только цветами, поэтому ядро оставляет по варианту на тему (запасной путь).</p>
<figure>
<div class="k-frame k-fig">
<div class="k-frame-v" data-theme="classic">
<svg style="overflow: visible; width: 5.153901217em; height: 5.153901217em; display: block" viewBox="0 0 56.692913386 56.692913386" width="56.692913386pt" height="56.692913386pt" xmlns="http://www.w3.org/2000/svg" xmlns:xlink="http://www.w3.org/1999/xlink" xmlns:h5="http://www.w3.org/1999/xhtml">…204 bytes, fnv 9a6a57eb6f9a713b…</svg></div>
<div class="k-frame-v" data-theme="night">
<svg style="overflow: visible; width: 5.153901217em; height: 5.153901217em; display: block" viewBox="0 0 56.692913386 56.692913386" width="56.692913386pt" height="56.692913386pt" xmlns="http://www.w3.org/2000/svg" xmlns:xlink="http://www.w3.org/1999/xlink" xmlns:h5="http://www.w3.org/1999/xhtml">…324 bytes, fnv 8772c4e329375961…</svg></div></div>
<figcaption><span class="k-fig-num">Рис. 1.</span> Разная форма в темах</figcaption></figure>
<h2 class="k-h k-h2" id="Градиент" data-k-anchor="Градиент"><span class="k-num">2</span>Градиент</h2>
<figure>
<div class="k-frame k-fig">
<div class="k-frame-v" data-theme="classic">
<svg style="overflow: visible; width: 12.884753042em; height: 2.576950608em; display: block" viewBox="0 0 141.732283465 28.346456693" width="141.732283465pt" height="28.346456693pt" xmlns="http://www.w3.org/2000/svg" xmlns:xlink="http://www.w3.org/1999/xlink" xmlns:h5="http://www.w3.org/1999/xhtml">…930 bytes, fnv cacd13b4bf708468…</svg></div>
<div class="k-frame-v" data-theme="night">
<svg style="overflow: visible; width: 12.884753042em; height: 2.576950608em; display: block" viewBox="0 0 141.732283465 28.346456693" width="141.732283465pt" height="28.346456693pt" xmlns="http://www.w3.org/2000/svg" xmlns:xlink="http://www.w3.org/1999/xlink" xmlns:h5="http://www.w3.org/1999/xhtml">…928 bytes, fnv 44d517ec532e81b4…</svg></div></div>
<figcaption><span class="k-fig-num">Рис. 2.</span> Заливка градиентом от акцента к фону</figcaption></figure>
<h2 class="k-h k-h2" id="Обычный-рисунок" data-k-anchor="Обычный-рисунок"><span class="k-num">3</span>Обычный рисунок</h2>
<figure>
<div class="k-frame k-fig">
<svg style="overflow: visible; width: 10.624075304em; height: 6.458266673em; display: block" viewBox="0 0 116.864828346 71.040933406" width="116.864828346pt" height="71.040933406pt" xmlns="http://www.w3.org/2000/svg" xmlns:xlink="http://www.w3.org/1999/xlink" xmlns:h5="http://www.w3.org/1999/xhtml">…3639 bytes, fnv 4570515f50c5a78b…</svg></div>
<figcaption><span class="k-fig-num">Рис. 3.</span> Темы различаются только цветами — один SVG</figcaption></figure></article>
