id: Особые случаи/Предупреждение
kind: Note
Warning: /Особые случаи/Предупреждение.typ:5: h was ignored during HTML export
Warning: /Особые случаи/Предупреждение.typ:8: «;» после #выражения не попадёт в текст: Typst считает его концом выражения
title: Предупреждение
tags: 
headings:
links:
  Сеть/SSH
styles: 0 байт, fnv cbf29ce484222325
---
<article class="k-doc" data-doc="note" lang="ru">
<header class="k-title">
<h1>Предупреждение</h1></header>
<p>Заметка собирается, но с предупреждением: горизонтальный отступ в HTML-экспорте Typst пропускается.После отступа.</p>
<p>Второе предупреждение — от проверки приложения, не Typst: точка с запятой после вызова пропадёт <a class="k-link" data-k-target="Сеть/SSH" href="/n/Сеть/SSH">SSH</a> её нужно писать как <code>\;</code>.</p></article>
