id: Особые случаи/Предупреждение
kind: Note
Warning: /Особые случаи/Предупреждение.typ:5: h was ignored during HTML export
Warning: /Особые случаи/Предупреждение.typ:14: «;» после #выражения не попадёт в текст: Typst считает его концом выражения
title: Предупреждение
tags: 
headings:
links:
  Сеть/SSH
styles: 1509 байт, fnv 6df1eccb54ca6374
---
<article class="k-doc" data-doc="note" lang="ru">
<header class="k-title">
<h1>Предупреждение</h1></header>
<p>Заметка собирается, но с предупреждением: дробный отступ (<code>1fr</code>) в HTML-экспорте Typst пропускается.После отступа.</p>
<p>Абсолютные отступы шаблон сохраняет пустым элементом: слово<span class="k-h" style="--k-h: 2em"></span>слово, сдвиг назад<span class="k-h" style="--k-h: -0.2em"></span>вплотную; в формуле <math><mi>𝑎</mi><mspace width="1em"/><mi>𝑏</mi></math> отступ — у самого Typst.</p>
<div class="k-v" style="--k-v: 2em"></div>
<p>Абзац после вертикального отступа <code>#v(2em)</code>.</p>
<p>Второе предупреждение — от проверки приложения, не Typst: точка с запятой после вызова пропадёт <a class="k-link" data-k-target="Сеть/SSH" href="/n/Сеть/SSH">SSH</a> её нужно писать как <code>\;</code>.</p></article>
