id: Сеть/SSH
kind: Note
title: SSH
tags: сеть, безопасность
headings:
  2 #Как-это-работает [Как-это-работает] Как это работает
  2 #Вход-по-ключу [Вход-по-ключу] Вход по ключу
  2 #Смена-порта [Смена-порта] Смена порта
links:
  Сеть/UFW
  Сеть/SSH / Вход по ключу
styles: 235 байт, fnv 16d3c64f519a6efb
---
<svg class="k-glyphs" aria-hidden="true" width="0" height="0" style="position: absolute" xmlns="http://www.w3.org/2000/svg">…12775 байт, fnv 9dc0374a42dde7b8…</svg>
<article class="k-doc" data-k-figs="41399c17" data-doc="заметка">
<header class="k-title">
<h1>SSH</h1>
<ul class="k-tags">
<li>сеть</li>
<li>безопасность</li></ul></header>
<div class="k-lead"><strong>SSH</strong> — протокол для входа на удалённую машину и передачи данных по зашифрованному каналу. Здесь — как он устроен, как входить по ключу и как пробрасывать порты. Про межсетевой экран — в <a class="k-link" data-k-target="Сеть/UFW" href="/n/Сеть/UFW">UFW</a>.</div>
<h2 class="k-h k-h2" id="Как-это-работает" data-k-anchor="Как-это-работает"><span class="k-num">1</span>Как это работает</h2>
<p>Клиент и сервер сначала договариваются о шифровании, потом сервер доказывает, что он — тот самый (<strong>ключ хоста</strong>), и только затем клиент входит — паролем или ключом (см. <a href="#рис-ssh">1</a>).</p>
<figure id="рис-ssh">
<div class="k-frame k-fig">
<svg style="overflow: visible; width: 20.615604868em; height: 3.09234073em; display: block" viewBox="0 0 226.771653543 34.015748031" width="226.771653543pt" height="34.015748031pt" xmlns="http://www.w3.org/2000/svg" xmlns:xlink="http://www.w3.org/1999/xlink" xmlns:h5="http://www.w3.org/1999/xhtml">…5161 байт, fnv f7e571db427e82a0…</svg></div>
<figcaption><span class="k-fig-num">Рис. 1.</span> По сети идёт только зашифрованный поток — пароль и команды не видны</figcaption></figure>
<div class="k-box k-def"><span class="k-label">Определение 1 (ключ хоста).</span> <strong>Ключ хоста</strong> — пара ключей сервера. При первом входе клиент запоминает его отпечаток в <code>~/.ssh/known_hosts</code> и дальше сверяет.</div>
<h2 class="k-h k-h2" id="Вход-по-ключу" data-k-anchor="Вход-по-ключу"><span class="k-num">2</span>Вход по ключу</h2>
<p>Пароль можно подобрать, ключ — нет. Создаём пару ключей и кладём открытый ключ на сервер:</p>
<pre><code data-lang="sh"><span style="color: var(--k-code-function)">ssh-keygen</span> -t ed25519            <em><span style="color: var(--k-code-comment)">#</span></em><em><span style="color: var(--k-code-comment)"> ~/.ssh/id_ed25519 и .pub</span></em>
<span style="color: var(--k-code-function)">ssh-copy-id</span> user@203.0.113.10    <em><span style="color: var(--k-code-comment)">#</span></em><em><span style="color: var(--k-code-comment)"> дописать .pub в authorized_keys</span></em></code></pre>
<div class="k-box k-pitfall"><span class="k-label">Типичная ошибка.</span> Отключить вход по паролю <strong>до</strong> проверки входа по ключу — и потерять доступ.</div>
<h2 class="k-h k-h2" id="Смена-порта" data-k-anchor="Смена-порта"><span class="k-num">3</span>Смена порта</h2>
<p>Порт <code>22</code> сканируют боты. Смена порта не защита, но убирает шум из журналов. Подробнее о ключах — <a class="k-link" data-k-target="Сеть/SSH" data-k-anchor="Вход по ключу" href="/n/Сеть/SSH#Вход-по-ключу">Вход по ключу</a>.</p></article>
