id: Имена/C++ и C#
kind: Note
title: C++ и C#
tags: имена
headings:
links:
  Особые случаи/Ссылки
styles: 0 байт, fnv cbf29ce484222325
---
<article class="k-doc" data-doc="заметка">
<header class="k-title">
<h1>C++ и C#</h1>
<ul class="k-tags">
<li>имена</li></ul></header>
<p>Имя файла с пробелами, <code>+</code> и <code>#</code>: адрес в браузере должен кодироваться. Обратно: <a class="k-link" data-k-target="Особые случаи/Ссылки" href="/n/Особые%20случаи/Ссылки">Ссылки</a>.</p></article>
