id: Имена/странное
kind: Note
title: @#$@&$*%@#!.:/\ — в названии можно всё
tags: 
headings:
links:
  Имена/C++ и C#
styles: 0 байт, fnv cbf29ce484222325
---
<article class="k-doc" data-doc="note" lang="ru">
<header class="k-title">
<h1>@#$@&amp;$*%@#!.:/\ — в названии можно всё</h1></header>
<p>Название — в самом файле, поэтому в нём есть знаки, запрещённые в именах файлов (<code>/ \ : * ? " &lt; > |</code>); имя файла — обычное: <code>странное.typ</code>. Дерево, вкладка, граф и ссылки без своей подписи показывают название.</p>
<p>Ссылка без подписи — название цели, а не имя её файла: <a class="k-link" data-k-target="Имена/C++ и C#" href="/n/Имена/C++%20и%20C%23">C++ и C#</a>.</p></article>
